sweep start 2026-10-02 22:19:50 NP=16
2026-10-02 22:21:40
A_M2_p0_J0.80
2026-10-02 22:26:00
A_M3_p0_J0.80
sweep2 start 2026-10-02 22:28:12
2026-10-02 22:29:32
C_p0_J0.6
2026-10-02 22:33:18
C_p0_J1.0
2026-10-02 22:37:04
C_p0_J0.4
2026-10-02 22:40:50
C_p0_J1.2
2026-10-02 22:43:00
C_p4_J0.8021
2026-10-02 22:46:40
C_p4_J0.6
2026-10-02 22:47:53
C_p4_J1.0
2026-10-02 22:51:36
C_p4_J0.4
2026-10-02 22:55:17
C_p4_J1.2
2026-10-02 22:59:52
C_p-4_J0.8021
2026-10-02 23:03:44
C_p-4_J0.6
2026-10-02 23:07:31
C_p-4_J1.0
2026-10-02 23:11:23
C_p-4_J0.4
2026-10-02 23:15:20
C_p-4_J1.2
sweep end 2026-10-02 23:18:29
